MPLINK 4.22, Linker
Linker Map File - Created Sun Feb 22 15:56:47 2009

                                 Section Info
                  Section       Type    Address   Location Size(Bytes)
                ---------  ---------  ---------  ---------  ---------
               _entry_scn       code   0x000000    program   0x000006
           .code___init.o       code   0x000006    program   0x000002
              high_vector       code   0x000008    program   0x000006
          .code_adcbusy.o       code   0x00000e    program   0x00000a
               low_vector       code   0x000018    program   0x000006
                   .cinit    romdata   0x00001e    program   0x000026
             .code_main.o       code   0x000044    program   0x000a10
           .code_serial.o       code   0x000a54    program   0x0005f6
                     PROG       code   0x00104a    program   0x0002ec
            .code_queue.o       code   0x001336    program   0x000244
             .code_init.o       code   0x00157a    program   0x0000c8
               _cinit_scn       code   0x001642    program   0x00009e
          .code_adcopen.o       code   0x0016e0    program   0x00006e
             .stringtable    romdata   0x00174e    program   0x00005e
          .code_t0write.o       code   0x0017ac    program   0x000038
           .code_t0open.o       code   0x0017e4    program   0x000038
     .code_adcselchconv.o       code   0x00181c    program   0x000030
             D10KTCYXCODE       code   0x00184c    program   0x00002e
         .code_adcsetch.o       code   0x00187a    program   0x00002e
         .code_fxd1616u.o       code   0x0018a8    program   0x00002c
           .code_ismclr.o       code   0x0018d4    program   0x000024
             _startup_scn       code   0x0018f8    program   0x00001c
         .code_fxd0808u.o       code   0x001914    program   0x00001c
          .code_iswdtto.o       code   0x001930    program   0x000018
            .code_ispor.o       code   0x001948    program   0x000018
          .code_adcread.o       code   0x001960    program   0x000012
                    .code       code   0x001972    program   0x00000e
            .code_isbor.o       code   0x001980    program   0x00000c
          .code_statrst.o       code   0x00198c    program   0x000006
          .code_adcconv.o       code   0x001992    program   0x000004
         .romdata_ispor.o    romdata   0x001996    program   0x000000
        .romdata_t0open.o    romdata   0x001996    program   0x000000
        .romdata_ismclr.o    romdata   0x001996    program   0x000000
       .romdata_adcread.o    romdata   0x001996    program   0x000000
         .romdata_isbor.o    romdata   0x001996    program   0x000000
        .romdata___init.o    romdata   0x001996    program   0x000000
  .romdata_adcselchconv.o    romdata   0x001996    program   0x000000
       .romdata_t0write.o    romdata   0x001996    program   0x000000
       .romdata_iswdtto.o    romdata   0x001996    program   0x000000
       .idata_t0write.o_i    romdata   0x001996    program   0x000000
      .romdata_adcsetch.o    romdata   0x001996    program   0x000000
       .idata_statrst.o_i    romdata   0x001996    program   0x000000
       .romdata_statrst.o    romdata   0x001996    program   0x000000
         .romdata_c018i.o    romdata   0x001996    program   0x000000
          .romdata_main.o    romdata   0x001996    program   0x000000
          .romdata_init.o    romdata   0x001996    program   0x000000
        .idata_serial.o_i    romdata   0x001996    program   0x000010
        .romdata_serial.o    romdata   0x001996    program   0x000000
         .romdata_queue.o    romdata   0x001996    program   0x000000
       .romdata_adcbusy.o    romdata   0x001996    program   0x000000
       .romdata_adcconv.o    romdata   0x001996    program   0x000000
        .idata_t0open.o_i    romdata   0x001996    program   0x000000
      .romdata_fxd0808u.o    romdata   0x001996    program   0x000000
       .romdata_adcopen.o    romdata   0x001996    program   0x000000
      .romdata_fxd1616u.o    romdata   0x001996    program   0x000000
         .idata_queue.o_i    romdata   0x0019a6    program   0x000007
          .idata_main.o_i    romdata   0x0019ad    program   0x00003a
         .idata_c018i.o_i    romdata   0x0019e7    program   0x000000
       .idata_iswdtto.o_i    romdata   0x0019e7    program   0x000000
         .idata_ispor.o_i    romdata   0x0019e7    program   0x000000
        .idata_ismclr.o_i    romdata   0x0019e7    program   0x000000
         .idata_isbor.o_i    romdata   0x0019e7    program   0x000000
          .idata_init.o_i    romdata   0x0019e7    program   0x000000
       .idata_adcopen.o_i    romdata   0x0019e7    program   0x000000
        .idata___init.o_i    romdata   0x0019e7    program   0x000000
       .idata_adcread.o_i    romdata   0x0019e7    program   0x000000
      .idata_fxd1616u.o_i    romdata   0x0019e7    program   0x000000
       .idata_adcbusy.o_i    romdata   0x0019e7    program   0x000000
  .idata_adcselchconv.o_i    romdata   0x0019e7    program   0x000000
       .idata_adcconv.o_i    romdata   0x0019e7    program   0x000000
      .idata_adcsetch.o_i    romdata   0x0019e7    program   0x000000
      .idata_fxd0808u.o_i    romdata   0x0019e7    program   0x000000
            .code_c018i.o       code   0x0019e8    program   0x000000
    .config_300001_main.o    romdata   0x300001    program   0x000001
    .config_300002_main.o    romdata   0x300002    program   0x000001
    .config_300003_main.o    romdata   0x300003    program   0x000001
    .config_300005_main.o    romdata   0x300005    program   0x000001
                MATH_DATA      udata   0x000000       data   0x000014
              low_isr_tmp      udata   0x000014       data   0x000004
                 .tmpdata      udata   0x000018       data   0x000004
                DELAYDAT2      udata   0x00001c       data   0x000001
                DELAYDAT1      udata   0x00001d       data   0x000001
            .idata_main.o      idata   0x000060       data   0x00003a
            .udata_main.o      udata   0x00009a       data   0x000030
           .udata_c018i.o      udata   0x0000ca       data   0x00000a
           .idata_queue.o      idata   0x0000d4       data   0x000007
        .udata_adcsetch.o      udata   0x0000db       data   0x000000
    .idata_adcselchconv.o      idata   0x0000db       data   0x000000
    .udata_adcselchconv.o      udata   0x0000db       data   0x000000
         .idata_adcread.o      idata   0x0000db       data   0x000000
         .udata_adcread.o      udata   0x0000db       data   0x000000
          .idata_t0open.o      idata   0x0000db       data   0x000000
          .udata_t0open.o      udata   0x0000db       data   0x000000
         .idata_adcopen.o      idata   0x0000db       data   0x000000
         .udata_adcopen.o      udata   0x0000db       data   0x000000
        .idata_fxd1616u.o      idata   0x0000db       data   0x000000
        .udata_fxd1616u.o      udata   0x0000db       data   0x000000
        .idata_fxd0808u.o      idata   0x0000db       data   0x000000
        .idata_adcsetch.o      idata   0x0000db       data   0x000000
         .udata_statrst.o      udata   0x0000db       data   0x000000
         .idata_statrst.o      idata   0x0000db       data   0x000000
         .udata_t0write.o      udata   0x0000db       data   0x000000
         .idata_t0write.o      idata   0x0000db       data   0x000000
          .udata___init.o      udata   0x0000db       data   0x000000
          .idata___init.o      idata   0x0000db       data   0x000000
           .udata_isbor.o      udata   0x0000db       data   0x000000
           .idata_isbor.o      idata   0x0000db       data   0x000000
          .udata_ismclr.o      udata   0x0000db       data   0x000000
          .idata_ismclr.o      idata   0x0000db       data   0x000000
           .udata_ispor.o      udata   0x0000db       data   0x000000
           .idata_ispor.o      idata   0x0000db       data   0x000000
         .udata_iswdtto.o      udata   0x0000db       data   0x000000
         .idata_iswdtto.o      idata   0x0000db       data   0x000000
        .udata_fxd0808u.o      udata   0x0000db       data   0x000000
         .idata_adcconv.o      idata   0x0000db       data   0x000000
         .udata_adcconv.o      udata   0x0000db       data   0x000000
         .idata_adcbusy.o      idata   0x0000db       data   0x000000
         .udata_adcbusy.o      udata   0x0000db       data   0x000000
           .idata_c018i.o      idata   0x0000db       data   0x000000
            .udata_init.o      udata   0x0000db       data   0x000000
            .idata_init.o      idata   0x0000db       data   0x000000
          .udata_serial.o      udata   0x0000db       data   0x000000
           .udata_queue.o      udata   0x0000db       data   0x000000
                    QUEUE      udata   0x000100       data   0x0000f0
          .idata_serial.o      idata   0x0001f0       data   0x000010
                   .stack      udata   0x000c00       data   0x000100
              SFR_BANKED0      udata   0x000d60       data   0x00000c
              SFR_BANKED1      udata   0x000d70       data   0x00000c
              SFR_BANKED2      udata   0x000d80       data   0x00000c
              SFR_BANKED3      udata   0x000d90       data   0x000004
              SFR_BANKED4      udata   0x000dd4       data   0x000002
              SFR_BANKED5      udata   0x000dd8       data   0x000001
              SFR_BANKED6      udata   0x000de0       data   0x000008
              SFR_BANKED7      udata   0x000df0       data   0x000004
              SFR_BANKED8      udata   0x000df8       data   0x000001
              SFR_BANKED9      udata   0x000dfa       data   0x000001
             SFR_BANKED10      udata   0x000dfc       data   0x000001
             SFR_BANKED11      udata   0x000e20       data   0x000060
             SFR_BANKED12      udata   0x000f00       data   0x000060
            SFR_UNBANKED0      udata   0x000f60       data   0x000018
            SFR_UNBANKED1      udata   0x000f80       data   0x000080



                              Program Memory Usage 
                               Start         End      
                           ---------   ---------      
                            0x000000    0x0019e6      
                            0x300001    0x300003      
                            0x300005    0x300005      
            6635 out of 99352 program addresses used, program memory utilization is 6%



                              Symbols - Sorted by Name
                     Name    Address   Location    Storage File                     
                ---------  ---------  ---------  --------- ---------                
                  BusyADC   0x00000e    program     extern C:\MCC18\src\pmc_common\ADC\adcbusy.c
               ConvertADC   0x001992    program     extern C:\MCC18\src\pmc_common\ADC\adcconv.c
                   D10K_1   0x001858    program     static C:\MCC18\src\traditional\delays\d10ktcyx.asm
                    D10Kl   0x001864    program     static C:\MCC18\src\traditional\delays\d10ktcyx.asm
                    D10Kx   0x001856    program     static C:\MCC18\src\traditional\delays\d10ktcyx.asm
                   D1616S   0x001148    program     static C:\MCC18\src\traditional\math\fxd1616s.asm
                D1616SNEG   0x001156    program     static C:\MCC18\src\traditional\math\fxd1616s.asm
                 D1616SOK   0x001152    program     static C:\MCC18\src\traditional\math\fxd1616s.asm
                  D1616SX   0x001168    program     static C:\MCC18\src\traditional\math\fxd1616s.asm
                  DA1616S   0x001138    program     static C:\MCC18\src\traditional\math\fxd1616s.asm
             Delay10KTCYx   0x00184c    program     extern C:\MCC18\src\traditional\delays\d10ktcyx.asm
                 FLO3232S   0x00104e    program     extern C:\MCC18\src\traditional\math\cast32FP.asm
                 FLO3232U   0x00104a    program     extern C:\MCC18\src\traditional\math\cast32FP.asm
                    FPD32   0x001080    program     extern C:\MCC18\src\traditional\math\divFP.asm
                 FXD0808U   0x001914    program     extern C:\MCC18\src\traditional\math\fxd0808u.c
                 FXD1616S   0x001126    program     extern C:\MCC18\src\traditional\math\fxd1616s.asm
                 FXD1616U   0x0018a8    program     extern C:\MCC18\src\traditional\math\fxd1616u.c
                 FXM1616S   0x001172    program     extern C:\MCC18\src\traditional\math\fxm1616s.asm
                  INT3216   0x0011cc    program     extern C:\MCC18\src\traditional\math\castFP16.asm
                     Init   0x00157a    program     extern K:\SPaRC code repository\Firmware\PIC\ARRAY\init.c
                 Init_ADC   0x001622    program     extern K:\SPaRC code repository\Firmware\PIC\ARRAY\init.c
          Init_Interrupts   0x00159a    program     extern K:\SPaRC code repository\Firmware\PIC\ARRAY\init.c
          Init_Oscillator   0x001592    program     extern K:\SPaRC code repository\Firmware\PIC\ARRAY\init.c
              Init_Timers   0x001600    program     extern K:\SPaRC code repository\Firmware\PIC\ARRAY\init.c
               Init_USART   0x0015a2    program     extern K:\SPaRC code repository\Firmware\PIC\ARRAY\init.c
                  OpenADC   0x0016e0    program     extern C:\MCC18\src\pmc_common\ADC\adcopen.c
               OpenTimer0   0x0017e4    program     extern C:\MCC18\src\pmc_common\Timers\t0open.c
                   RXChar   0x000a62    program     extern K:\SPaRC code repository\Firmware\PIC\ARRAY\serial.c
                  RXReady   0x000a54    program     extern K:\SPaRC code repository\Firmware\PIC\ARRAY\serial.c
                  ReadADC   0x001960    program     extern C:\MCC18\src\pmc_common\ADC\adcread.c
           SelChanConvADC   0x00181c    program     extern C:\MCC18\src\pmc_common\ADC\adcselchconv.c
                SerialISR   0x001352    program     extern K:\SPaRC code repository\Firmware\PIC\ARRAY\queue.c
               SetChanADC   0x00187a    program     extern C:\MCC18\src\pmc_common\ADC\adcsetch.c
              StatusReset   0x00198c    program     extern C:\MCC18\src\pmc_common\reset\statrst.c
               TSIGN1616A   0x0011be    program     static C:\MCC18\src\traditional\math\fxm1616s.asm
                    TXBin   0x000ad8    program     extern K:\SPaRC code repository\Firmware\PIC\ARRAY\serial.c
                TXBin_Int   0x000b48    program     extern K:\SPaRC code repository\Firmware\PIC\ARRAY\serial.c
                   TXChar   0x000a7e    program     extern K:\SPaRC code repository\Firmware\PIC\ARRAY\serial.c
                    TXDec   0x000be0    program     extern K:\SPaRC code repository\Firmware\PIC\ARRAY\serial.c
                TXDec_Int   0x000c94    program     extern K:\SPaRC code repository\Firmware\PIC\ARRAY\serial.c
                    TXHex   0x000ebc    program     extern K:\SPaRC code repository\Firmware\PIC\ARRAY\serial.c
                TXHex_Int   0x000f30    program     extern K:\SPaRC code repository\Firmware\PIC\ARRAY\serial.c
                 TXString   0x000a9a    program     extern K:\SPaRC code repository\Firmware\PIC\ARRAY\serial.c
              WriteTimer0   0x0017ac    program     extern C:\MCC18\src\pmc_common\Timers\t0write.c
       _D10KTCYXCODE_0010   0x00185c    program     static C:\MCC18\src\traditional\delays\d10ktcyx.asm
       _D10KTCYXCODE_001C   0x001868    program     static C:\MCC18\src\traditional\delays\d10ktcyx.asm
                 __FpExit   0x001236    program     extern C:\MCC18\src\traditional\math\packFP.asm
                 __FpPack   0x001262    program     extern C:\MCC18\src\traditional\math\packFP.asm
            __FpReturnNaN   0x00122a    program     extern C:\MCC18\src\traditional\math\packFP.asm
         __FpReturnNegInf   0x00123c    program     extern C:\MCC18\src\traditional\math\packFP.asm
        __FpReturnNegZero   0x001254    program     extern C:\MCC18\src\traditional\math\packFP.asm
         __FpReturnPosInf   0x001242    program     extern C:\MCC18\src\traditional\math\packFP.asm
        __FpReturnPosZero   0x00125c    program     extern C:\MCC18\src\traditional\math\packFP.asm
        __FpReturnSignInf   0x001238    program     extern C:\MCC18\src\traditional\math\packFP.asm
       __FpReturnSignZero   0x001250    program     extern C:\MCC18\src\traditional\math\packFP.asm
              __FpReturnW   0x0012ba    program     extern C:\MCC18\src\traditional\math\packFP.asm
              __FpUnPackA   0x0012da    program     extern C:\MCC18\src\traditional\math\UnpackFP.asm
              __FpUnPackB   0x00130a    program     extern C:\MCC18\src\traditional\math\UnpackFP.asm
      ___case_48_lbl00027   0x000384    program     static                          
      ___case_49_lbl00028   0x00038c    program     static                          
      ___case_65_lbl00032   0x000396    program     static                          
      ___case_66_lbl00036   0x0003b8    program     static                          
      ___case_67_lbl00040   0x0003da    program     static                          
      ___case_96_lbl00044   0x0003fc    program     static                          
      ___case_97_lbl00049   0x00042c    program     static                          
      ___case_98_lbl00045   0x00041e    program     static                          
         ___else_lbl00013   0x0002e6    program     static                          
         ___else_lbl00015   0x0002cc    program     static                          
         ___else_lbl00017   0x0002b2    program     static                          
         ___else_lbl00019   0x000298    program     static                          
         ___else_lbl00025   0x000346    program     static                          
         ___else_lbl00030   0x0003aa    program     static                          
         ___else_lbl00034   0x0003cc    program     static                          
         ___else_lbl00038   0x0003ee    program     static                          
         ___else_lbl00042   0x000410    program     static                          
         ___else_lbl00047   0x000440    program     static                          
           ___if_lbl00012   0x0002f6    program     static                          
           ___if_lbl00014   0x0002f6    program     static                          
           ___if_lbl00016   0x0002f6    program     static                          
           ___if_lbl00018   0x0002f6    program     static                          
           ___if_lbl00024   0x00035e    program     static                          
           ___if_lbl00029   0x0003ae    program     static                          
           ___if_lbl00031   0x0003b6    program     static                          
           ___if_lbl00033   0x0003d0    program     static                          
           ___if_lbl00035   0x0003d8    program     static                          
           ___if_lbl00037   0x0003f2    program     static                          
           ___if_lbl00039   0x0003fa    program     static                          
           ___if_lbl00041   0x000414    program     static                          
           ___if_lbl00043   0x00041c    program     static                          
           ___if_lbl00046   0x00044e    program     static                          
           ___if_lbl00048   0x000456    program     static                          
           ___if_lbl00050   0x000460    program     static                          
           ___if_lbl00051   0x000466    program     static                          
           ___if_lbl00052   0x00046c    program     static                          
           ___if_lbl00053   0x000472    program     static                          
           ___if_lbl00054   0x00047e    program     static                          
           ___if_lbl00055   0x000484    program     static                          
       ___return_lbl00000   0x00192e    program     static                          
       ___return_lbl00000   0x00000c    program     static                          
       ___return_lbl00000   0x000004    program     static                          
       ___return_lbl00000   0x0018d2    program     static                          
       ___return_lbl00001   0x00001c    program     static                          
       ___return_lbl00001   0x001912    program     static                          
       ___return_lbl00002   0x0016de    program     static                          
       ___return_lbl00011   0x000486    program     static                          
   ___switchexit_lbl00026   0x000458    program     static                          
        ___while_lbl00020   0x00030c    program     static                          
        ___while_lbl00021   0x000486    program     static                          
        ___while_lbl00022   0x00030e    program     static                          
        ___while_lbl00023   0x00045a    program     static                          
               __config_0   0x300001    program     static K:\SPaRC code repository\Firmware\PIC\ARRAY\main.c
               __config_1   0x300002    program     static K:\SPaRC code repository\Firmware\PIC\ARRAY\main.c
               __config_2   0x300003    program     static K:\SPaRC code repository\Firmware\PIC\ARRAY\main.c
               __config_3   0x300005    program     static K:\SPaRC code repository\Firmware\PIC\ARRAY\main.c
                   __init   0x000006    program     extern C:\MCC18\src\traditional\stdclib\__init.c
               __string_0   0x001794    program     static K:\SPaRC code repository\Firmware\PIC\ARRAY\main.c
               __string_0   0x0017a9    program     static K:\SPaRC code repository\Firmware\PIC\ARRAY\serial.c
               __string_1   0x001781    program     static K:\SPaRC code repository\Firmware\PIC\ARRAY\main.c
               __string_1   0x0017a6    program     static K:\SPaRC code repository\Firmware\PIC\ARRAY\serial.c
               __string_2   0x00176f    program     static K:\SPaRC code repository\Firmware\PIC\ARRAY\main.c
               __string_3   0x00175d    program     static K:\SPaRC code repository\Firmware\PIC\ARRAY\main.c
               __string_4   0x001751    program     static K:\SPaRC code repository\Firmware\PIC\ARRAY\main.c
               __string_5   0x00174e    program     static K:\SPaRC code repository\Firmware\PIC\ARRAY\main.c
            __zero_memory   0x001972    program     extern C:\MCC18\src\traditional\proc\p18F2685.asm
                _do_cinit   0x001642    program     extern C:\MCC18\src\traditional\startup\c018i.c
                   _entry   0x000000    program     extern C:\MCC18\src\traditional\startup\c018i.c
                 _startup   0x0018f8    program     extern C:\MCC18\src\traditional\startup\c018i.c
                  cal_ant   0x000488    program     extern K:\SPaRC code repository\Firmware\PIC\ARRAY\main.c
                  cal_ars   0x0004f2    program     extern K:\SPaRC code repository\Firmware\PIC\ARRAY\main.c
               clear_loop   0x001978    program     static C:\MCC18\src\traditional\proc\p18F2685.asm
                copy_loop   0x0016b4    program     static                          
            copy_one_byte   0x0016ba    program     static                          
         corner_detection   0x0006d2    program     extern K:\SPaRC code repository\Firmware\PIC\ARRAY\main.c
                     done   0x0016de    program     static                          
             done_copying   0x0016c8    program     static                          
                  endloop   0x0018ce    program     static                          
                  endloop   0x00192a    program     static                          
                get_angle   0x000798    program     extern K:\SPaRC code repository\Firmware\PIC\ARRAY\main.c
                 high_isr   0x000044    program     extern K:\SPaRC code repository\Firmware\PIC\ARRAY\main.c
                 high_vec   0x000008    program     extern K:\SPaRC code repository\Firmware\PIC\ARRAY\main.c
                initQueue   0x001336    program     extern K:\SPaRC code repository\Firmware\PIC\ARRAY\queue.c
                interrupt   0x0005a4    program     extern K:\SPaRC code repository\Firmware\PIC\ARRAY\main.c
                    isBOR   0x001980    program     extern C:\MCC18\src\pmc_common\reset\isbor.c
                   isMCLR   0x0018d4    program     extern C:\MCC18\src\pmc_common\reset\ismclr.c
                    isPOR   0x001948    program     extern C:\MCC18\src\pmc_common\reset\ispor.c
                isRXEmpty   0x001420    program     extern K:\SPaRC code repository\Firmware\PIC\ARRAY\queue.c
                 isRXFull   0x001438    program     extern K:\SPaRC code repository\Firmware\PIC\ARRAY\queue.c
                isTXEmpty   0x001412    program     extern K:\SPaRC code repository\Firmware\PIC\ARRAY\queue.c
                 isTXFull   0x00142e    program     extern K:\SPaRC code repository\Firmware\PIC\ARRAY\queue.c
                  isWDTTO   0x001930    program     extern C:\MCC18\src\pmc_common\reset\iswdtto.c
                 jANotInf   0x00109e    program     static C:\MCC18\src\traditional\math\divFP.asm
                jANotZero   0x0010b2    program     static C:\MCC18\src\traditional\math\divFP.asm
                    jExit   0x001228    program     static C:\MCC18\src\traditional\math\castFP16.asm
                jI2F32Beg   0x001066    program     static C:\MCC18\src\traditional\math\cast32FP.asm
                    jLoop   0x0010da    program     static C:\MCC18\src\traditional\math\divFP.asm
                    jLoop   0x001208    program     static C:\MCC18\src\traditional\math\castFP16.asm
                jLoopExit   0x001218    program     static C:\MCC18\src\traditional\math\castFP16.asm
                     jMax   0x0011dc    program     static C:\MCC18\src\traditional\math\castFP16.asm
                  jMaxNeg   0x0011ea    program     static C:\MCC18\src\traditional\math\castFP16.asm
                  jMaxPos   0x0011e0    program     static C:\MCC18\src\traditional\math\castFP16.asm
                    jNext   0x001100    program     static C:\MCC18\src\traditional\math\divFP.asm
                jNoAdjust   0x0010fe    program     static C:\MCC18\src\traditional\math\divFP.asm
                  jNotInf   0x0011f8    program     static C:\MCC18\src\traditional\math\castFP16.asm
                  jPkLoop   0x001270    program     static C:\MCC18\src\traditional\math\packFP.asm
             jPkRoundDone   0x0012ba    program     static C:\MCC18\src\traditional\math\packFP.asm
               jPkRoundIt   0x0012a2    program     static C:\MCC18\src\traditional\math\packFP.asm
             jPkShiftDone   0x00128c    program     static C:\MCC18\src\traditional\math\packFP.asm
           jReturnPosInf0   0x001246    program     static C:\MCC18\src\traditional\math\packFP.asm
              jSignedZero   0x0010a8    program     static C:\MCC18\src\traditional\math\divFP.asm
                  jUnpkA1   0x0012e4    program     static C:\MCC18\src\traditional\math\UnpackFP.asm
                  jUnpkA2   0x0012fc    program     static C:\MCC18\src\traditional\math\UnpackFP.asm
                 jUnpkANZ   0x0012f2    program     static C:\MCC18\src\traditional\math\UnpackFP.asm
                  jUnpkB1   0x001314    program     static C:\MCC18\src\traditional\math\UnpackFP.asm
                  jUnpkB2   0x00132c    program     static C:\MCC18\src\traditional\math\UnpackFP.asm
                 jUnpkBNZ   0x001322    program     static C:\MCC18\src\traditional\math\UnpackFP.asm
                 jUnpkNaN   0x001306    program     static C:\MCC18\src\traditional\math\UnpackFP.asm
                    jZero   0x0011f2    program     static C:\MCC18\src\traditional\math\castFP16.asm
               jZero1and2   0x00124a    program     static C:\MCC18\src\traditional\math\packFP.asm
           line_detection   0x000716    program     extern K:\SPaRC code repository\Firmware\PIC\ARRAY\main.c
              line_follow   0x0005d0    program     extern K:\SPaRC code repository\Firmware\PIC\ARRAY\main.c
                     loop   0x001908    program     static                          
                     loop   0x0018b2    program     static                          
                     loop   0x00191c    program     static                          
                  low_isr   0x0000e6    program     extern K:\SPaRC code repository\Firmware\PIC\ARRAY\main.c
                  low_vec   0x000018    program     extern K:\SPaRC code repository\Firmware\PIC\ARRAY\main.c
                     main   0x00025a    program     extern K:\SPaRC code repository\Firmware\PIC\ARRAY\main.c
            monitor_angle   0x0008b6    program     extern K:\SPaRC code repository\Firmware\PIC\ARRAY\main.c
               popRXQueue   0x001522    program     extern K:\SPaRC code repository\Firmware\PIC\ARRAY\queue.c
               popTXQueue   0x0014ca    program     extern K:\SPaRC code repository\Firmware\PIC\ARRAY\queue.c
              pushRXQueue   0x001488    program     extern K:\SPaRC code repository\Firmware\PIC\ARRAY\queue.c
              pushTXQueue   0x001446    program     extern K:\SPaRC code repository\Firmware\PIC\ARRAY\queue.c
                     test   0x00165c    program     static                          
               zero_angle   0x0008aa    program     extern K:\SPaRC code repository\Firmware\PIC\ARRAY\main.c
                   ADCON0   0x000fc2       data     extern C:\MCC18\src\traditional\proc\p18F2685.asm
               ADCON0bits   0x000fc2       data     extern C:\MCC18\src\traditional\proc\p18F2685.asm
                   ADCON1   0x000fc1       data     extern C:\MCC18\src\traditional\proc\p18F2685.asm
               ADCON1bits   0x000fc1       data     extern C:\MCC18\src\traditional\proc\p18F2685.asm
                   ADCON2   0x000fc0       data     extern C:\MCC18\src\traditional\proc\p18F2685.asm
               ADCON2bits   0x000fc0       data     extern C:\MCC18\src\traditional\proc\p18F2685.asm
                    ADRES   0x000fc3       data     extern C:\MCC18\src\traditional\proc\p18F2685.asm
                   ADRESH   0x000fc4       data     extern C:\MCC18\src\traditional\proc\p18F2685.asm
                   ADRESL   0x000fc3       data     extern C:\MCC18\src\traditional\proc\p18F2685.asm
                    B0CON   0x000e20       data     extern C:\MCC18\src\traditional\proc\p18F2685.asm
                B0CONbits   0x000e20       data     extern C:\MCC18\src\traditional\proc\p18F2685.asm
                     B0D0   0x000e26       data     extern C:\MCC18\src\traditional\proc\p18F2685.asm
                 B0D0bits   0x000e26       data     extern C:\MCC18\src\traditional\proc\p18F2685.asm
                     B0D1   0x000e27       data     extern C:\MCC18\src\traditional\proc\p18F2685.asm
                 B0D1bits   0x000e27       data     extern C:\MCC18\src\traditional\proc\p18F2685.asm
                     B0D2   0x000e28       data     extern C:\MCC18\src\traditional\proc\p18F2685.asm
                 B0D2bits   0x000e28       data     extern C:\MCC18\src\traditional\proc\p18F2685.asm
                     B0D3   0x000e29       data     extern C:\MCC18\src\traditional\proc\p18F2685.asm
                 B0D3bits   0x000e29       data     extern C:\MCC18\src\traditional\proc\p18F2685.asm
                     B0D4   0x000e2a       data     extern C:\MCC18\src\traditional\proc\p18F2685.asm
                 B0D4bits   0x000e2a       data     extern C:\MCC18\src\traditional\proc\p18F2685.asm
                     B0D5   0x000e2b       data     extern C:\MCC18\src\traditional\proc\p18F2685.asm
                 B0D5bits   0x000e2b       data     extern C:\MCC18\src\traditional\proc\p18F2685.asm
                     B0D6   0x000e2c       data     extern C:\MCC18\src\traditional\proc\p18F2685.asm
                 B0D6bits   0x000e2c       data     extern C:\MCC18\src\traditional\proc\p18F2685.asm
                     B0D7   0x000e2d       data     extern C:\MCC18\src\traditional\proc\p18F2685.asm
                 B0D7bits   0x000e2d       data     extern C:\MCC18\src\traditional\proc\p18F2685.asm
                    B0DLC   0x000e25       data     extern C:\MCC18\src\traditional\proc\p18F2685.asm
                B0DLCbits   0x000e25       data     extern C:\MCC18\src\traditional\proc\p18F2685.asm
                   B0EIDH   0x000e23       data     extern C:\MCC18\src\traditional\proc\p18F2685.asm
               B0EIDHbits   0x000e23       data     extern C:\MCC18\src\traditional\proc\p18F2685.asm
                   B0EIDL   0x000e24       data     extern C:\MCC18\src\traditional\proc\p18F2685.asm
               B0EIDLbits   0x000e24       data     extern C:\MCC18\src\traditional\proc\p18F2685.asm
                   B0SIDH   0x000e21       data     extern C:\MCC18\src\traditional\proc\p18F2685.asm
               B0SIDHbits   0x000e21       data     extern C:\MCC18\src\traditional\proc\p18F2685.asm
                   B0SIDL   0x000e22       data     extern C:\MCC18\src\traditional\proc\p18F2685.asm
               B0SIDLbits   0x000e22       data     extern C:\MCC18\src\traditional\proc\p18F2685.asm
                    B1CON   0x000e30       data     extern C:\MCC18\src\traditional\proc\p18F2685.asm
                B1CONbits   0x000e30       data     extern C:\MCC18\src\traditional\proc\p18F2685.asm
                     B1D0   0x000e36       data     extern C:\MCC18\src\traditional\proc\p18F2685.asm
                 B1D0bits   0x000e36       data     extern C:\MCC18\src\traditional\proc\p18F2685.asm
                     B1D1   0x000e37       data     extern C:\MCC18\src\traditional\proc\p18F2685.asm
                 B1D1bits   0x000e37       data     extern C:\MCC18\src\traditional\proc\p18F2685.asm
                     B1D2   0x000e38       data     extern C:\MCC18\src\traditional\proc\p18F2685.asm
                 B1D2bits   0x000e38       data     extern C:\MCC18\src\traditional\proc\p18F2685.asm
                     B1D3   0x000e39       data     extern C:\MCC18\src\traditional\proc\p18F2685.asm
                 B1D3bits   0x000e39       data     extern C:\MCC18\src\traditional\proc\p18F2685.asm
                     B1D4   0x000e3a       data     extern C:\MCC18\src\traditional\proc\p18F2685.asm
                 B1D4bits   0x000e3a       data     extern C:\MCC18\src\traditional\proc\p18F2685.asm
                     B1D5   0x000e3b       data     extern C:\MCC18\src\traditional\proc\p18F2685.asm
                 B1D5bits   0x000e3b       data     extern C:\MCC18\src\traditional\proc\p18F2685.asm
                     B1D6   0x000e3c       data     extern C:\MCC18\src\traditional\proc\p18F2685.asm
                 B1D6bits   0x000e3c       data     extern C:\MCC18\src\traditional\proc\p18F2685.asm
                     B1D7   0x000e3d       data     extern C:\MCC18\src\traditional\proc\p18F2685.asm
                 B1D7bits   0x000e3d       data     extern C:\MCC18\src\traditional\proc\p18F2685.asm
                    B1DLC   0x000e35       data     extern C:\MCC18\src\traditional\proc\p18F2685.asm
                B1DLCbits   0x000e35       data     extern C:\MCC18\src\traditional\proc\p18F2685.asm
                   B1EIDH   0x000e33       data     extern C:\MCC18\src\traditional\proc\p18F2685.asm
               B1EIDHbits   0x000e33       data     extern C:\MCC18\src\traditional\proc\p18F2685.asm
                   B1EIDL   0x000e34       data     extern C:\MCC18\src\traditional\proc\p18F2685.asm
               B1EIDLbits   0x000e34       data     extern C:\MCC18\src\traditional\proc\p18F2685.asm
                   B1SIDH   0x000e31       data     extern C:\MCC18\src\traditional\proc\p18F2685.asm
               B1SIDHbits   0x000e31       data     extern C:\MCC18\src\traditional\proc\p18F2685.asm
                   B1SIDL   0x000e32       data     extern C:\MCC18\src\traditional\proc\p18F2685.asm
               B1SIDLbits   0x000e32       data     extern C:\MCC18\src\traditional\proc\p18F2685.asm
                    B2CON   0x000e40       data     extern C:\MCC18\src\traditional\proc\p18F2685.asm
                B2CONbits   0x000e40       data     extern C:\MCC18\src\traditional\proc\p18F2685.asm
                     B2D0   0x000e46       data     extern C:\MCC18\src\traditional\proc\p18F2685.asm
                 B2D0bits   0x000e46       data     extern C:\MCC18\src\traditional\proc\p18F2685.asm
                     B2D1   0x000e47       data     extern C:\MCC18\src\traditional\proc\p18F2685.asm
                 B2D1bits   0x000e47       data     extern C:\MCC18\src\traditional\proc\p18F2685.asm
                     B2D2   0x000e48       data     extern C:\MCC18\src\traditional\proc\p18F2685.asm
                 B2D2bits   0x000e48       data     extern C:\MCC18\src\traditional\proc\p18F2685.asm
                     B2D3   0x000e49       data     extern C:\MCC18\src\traditional\proc\p18F2685.asm
                 B2D3bits   0x000e49       data     extern C:\MCC18\src\traditional\proc\p18F2685.asm
                     B2D4   0x000e4a       data     extern C:\MCC18\src\traditional\proc\p18F2685.asm
                 B2D4bits   0x000e4a       data     extern C:\MCC18\src\traditional\proc\p18F2685.asm
                     B2D5   0x000e4b       data     extern C:\MCC18\src\traditional\proc\p18F2685.asm
                 B2D5bits   0x000e4b       data     extern C:\MCC18\src\traditional\proc\p18F2685.asm
                     B2D6   0x000e4c       data     extern C:\MCC18\src\traditional\proc\p18F2685.asm
                 B2D6bits   0x000e4c       data     extern C:\MCC18\src\traditional\proc\p18F2685.asm
                     B2D7   0x000e4d       data     extern C:\MCC18\src\traditional\proc\p18F2685.asm
                 B2D7bits   0x000e4d       data     extern C:\MCC18\src\traditional\proc\p18F2685.asm
                    B2DLC   0x000e45       data     extern C:\MCC18\src\traditional\proc\p18F2685.asm
                B2DLCbits   0x000e45       data     extern C:\MCC18\src\traditional\proc\p18F2685.asm
                   B2EIDH   0x000e43       data     extern C:\MCC18\src\traditional\proc\p18F2685.asm
               B2EIDHbits   0x000e43       data     extern C:\MCC18\src\traditional\proc\p18F2685.asm
                   B2EIDL   0x000e44       data     extern C:\MCC18\src\traditional\proc\p18F2685.asm
               B2EIDLbits   0x000e44       data     extern C:\MCC18\src\traditional\proc\p18F2685.asm
                   B2SIDH   0x000e41       data     extern C:\MCC18\src\traditional\proc\p18F2685.asm
               B2SIDHbits   0x000e41       data     extern C:\MCC18\src\traditional\proc\p18F2685.asm
                   B2SIDL   0x000e42       data     extern C:\MCC18\src\traditional\proc\p18F2685.asm
               B2SIDLbits   0x000e42       data     extern C:\MCC18\src\traditional\proc\p18F2685.asm
                    B3CON   0x000e50       data     extern C:\MCC18\src\traditional\proc\p18F2685.asm
                B3CONbits   0x000e50       data     extern C:\MCC18\src\traditional\proc\p18F2685.asm
                     B3D0   0x000e56       data     extern C:\MCC18\src\traditional\proc\p18F2685.asm
                 B3D0bits   0x000e56       data     extern C:\MCC18\src\traditional\proc\p18F2685.asm
                     B3D1   0x000e57       data     extern C:\MCC18\src\traditional\proc\p18F2685.asm
                 B3D1bits   0x000e57       data     extern C:\MCC18\src\traditional\proc\p18F2685.asm
                     B3D2   0x000e58       data     extern C:\MCC18\src\traditional\proc\p18F2685.asm
                 B3D2bits   0x000e58       data     extern C:\MCC18\src\traditional\proc\p18F2685.asm
                     B3D3   0x000e59       data     extern C:\MCC18\src\traditional\proc\p18F2685.asm
                 B3D3bits   0x000e59       data     extern C:\MCC18\src\traditional\proc\p18F2685.asm
                     B3D4   0x000e5a       data     extern C:\MCC18\src\traditional\proc\p18F2685.asm
                 B3D4bits   0x000e5a       data     extern C:\MCC18\src\traditional\proc\p18F2685.asm
                     B3D5   0x000e5b       data     extern C:\MCC18\src\traditional\proc\p18F2685.asm
                 B3D5bits   0x000e5b       data     extern C:\MCC18\src\traditional\proc\p18F2685.asm
                     B3D6   0x000e5c       data     extern C:\MCC18\src\traditional\proc\p18F2685.asm
                 B3D6bits   0x000e5c       data     extern C:\MCC18\src\traditional\proc\p18F2685.asm
                     B3D7   0x000e5d       data     extern C:\MCC18\src\traditional\proc\p18F2685.asm
                 B3D7bits   0x000e5d       data     extern C:\MCC18\src\traditional\proc\p18F2685.asm
                    B3DLC   0x000e55       data     extern C:\MCC18\src\traditional\proc\p18F2685.asm
                B3DLCbits   0x000e55       data     extern C:\MCC18\src\traditional\proc\p18F2685.asm
                   B3EIDH   0x000e53       data     extern C:\MCC18\src\traditional\proc\p18F2685.asm
               B3EIDHbits   0x000e53       data     extern C:\MCC18\src\traditional\proc\p18F2685.asm
                   B3EIDL   0x000e54       data     extern C:\MCC18\src\traditional\proc\p18F2685.asm
               B3EIDLbits   0x000e54       data     extern C:\MCC18\src\traditional\proc\p18F2685.asm
                   B3SIDH   0x000e51       data     extern C:\MCC18\src\traditional\proc\p18F2685.asm
               B3SIDHbits   0x000e51       data     extern C:\MCC18\src\traditional\proc\p18F2685.asm
                   B3SIDL   0x000e52       data     extern C:\MCC18\src\traditional\proc\p18F2685.asm
               B3SIDLbits   0x000e52       data     extern C:\MCC18\src\traditional\proc\p18F2685.asm
                    B4CON   0x000e60       data     extern C:\MCC18\src\traditional\proc\p18F2685.asm
                B4CONbits   0x000e60       data     extern C:\MCC18\src\traditional\proc\p18F2685.asm
                     B4D0   0x000e66       data     extern C:\MCC18\src\traditional\proc\p18F2685.asm
                 B4D0bits   0x000e66       data     extern C:\MCC18\src\traditional\proc\p18F2685.asm
                     B4D1   0x000e67       data     extern C:\MCC18\src\traditional\proc\p18F2685.asm
                 B4D1bits   0x000e67       data     extern C:\MCC18\src\traditional\proc\p18F2685.asm
                     B4D2   0x000e68       data     extern C:\MCC18\src\traditional\proc\p18F2685.asm
                 B4D2bits   0x000e68       data     extern C:\MCC18\src\traditional\proc\p18F2685.asm
                     B4D3   0x000e69       data     extern C:\MCC18\src\traditional\proc\p18F2685.asm
                 B4D3bits   0x000e69       data     extern C:\MCC18\src\traditional\proc\p18F2685.asm
                     B4D4   0x000e6a       data     extern C:\MCC18\src\traditional\proc\p18F2685.asm
                 B4D4bits   0x000e6a       data     extern C:\MCC18\src\traditional\proc\p18F2685.asm
                     B4D5   0x000e6b       data     extern C:\MCC18\src\traditional\proc\p18F2685.asm
                 B4D5bits   0x000e6b       data     extern C:\MCC18\src\traditional\proc\p18F2685.asm
                     B4D6   0x000e6c       data     extern C:\MCC18\src\traditional\proc\p18F2685.asm
                 B4D6bits   0x000e6c       data     extern C:\MCC18\src\traditional\proc\p18F2685.asm
                     B4D7   0x000e6d       data     extern C:\MCC18\src\traditional\proc\p18F2685.asm
                 B4D7bits   0x000e6d       data     extern C:\MCC18\src\traditional\proc\p18F2685.asm
                    B4DLC   0x000e65       data     extern C:\MCC18\src\traditional\proc\p18F2685.asm
                B4DLCbits   0x000e65       data     extern C:\MCC18\src\traditional\proc\p18F2685.asm
                   B4EIDH   0x000e63       data     extern C:\MCC18\src\traditional\proc\p18F2685.asm
               B4EIDHbits   0x000e63       data     extern C:\MCC18\src\traditional\proc\p18F2685.asm
                   B4EIDL   0x000e64       data     extern C:\MCC18\src\traditional\proc\p18F2685.asm
               B4EIDLbits   0x000e64       data     extern C:\MCC18\src\traditional\proc\p18F2685.asm
                   B4SIDH   0x000e61       data     extern C:\MCC18\src\traditional\proc\p18F2685.asm
               B4SIDHbits   0x000e61       data     extern C:\MCC18\src\traditional\proc\p18F2685.asm
                   B4SIDL   0x000e62       data     extern C:\MCC18\src\traditional\proc\p18F2685.asm
               B4SIDLbits   0x000e62       data     extern C:\MCC18\src\traditional\proc\p18F2685.asm
                    B5CON   0x000e70       data     extern C:\MCC18\src\traditional\proc\p18F2685.asm
                B5CONbits   0x000e70       data     extern C:\MCC18\src\traditional\proc\p18F2685.asm
                     B5D0   0x000e76       data     extern C:\MCC18\src\traditional\proc\p18F2685.asm
                 B5D0bits   0x000e76       data     extern C:\MCC18\src\traditional\proc\p18F2685.asm
                     B5D1   0x000e77       data     extern C:\MCC18\src\traditional\proc\p18F2685.asm
                 B5D1bits   0x000e77       data     extern C:\MCC18\src\traditional\proc\p18F2685.asm
                     B5D2   0x000e78       data     extern C:\MCC18\src\traditional\proc\p18F2685.asm
                 B5D2bits   0x000e78       data     extern C:\MCC18\src\traditional\proc\p18F2685.asm
                     B5D3   0x000e79       data     extern C:\MCC18\src\traditional\proc\p18F2685.asm
                 B5D3bits   0x000e79       data     extern C:\MCC18\src\traditional\proc\p18F2685.asm
                     B5D4   0x000e7a       data     extern C:\MCC18\src\traditional\proc\p18F2685.asm
                 B5D4bits   0x000e7a       data     extern C:\MCC18\src\traditional\proc\p18F2685.asm
                     B5D5   0x000e7b       data     extern C:\MCC18\src\traditional\proc\p18F2685.asm
                 B5D5bits   0x000e7b       data     extern C:\MCC18\src\traditional\proc\p18F2685.asm
                     B5D6   0x000e7c       data     extern C:\MCC18\src\traditional\proc\p18F2685.asm
                 B5D6bits   0x000e7c       data     extern C:\MCC18\src\traditional\proc\p18F2685.asm
                     B5D7   0x000e7d       data     extern C:\MCC18\src\traditional\proc\p18F2685.asm
                 B5D7bits   0x000e7d       data     extern C:\MCC18\src\traditional\proc\p18F2685.asm
                    B5DLC   0x000e75       data     extern C:\MCC18\src\traditional\proc\p18F2685.asm
                B5DLCbits   0x000e75       data     extern C:\MCC18\src\traditional\proc\p18F2685.asm
                   B5EIDH   0x000e73       data     extern C:\MCC18\src\traditional\proc\p18F2685.asm
               B5EIDHbits   0x000e73       data     extern C:\MCC18\src\traditional\proc\p18F2685.asm
                   B5EIDL   0x000e74       data     extern C:\MCC18\src\traditional\proc\p18F2685.asm
               B5EIDLbits   0x000e74       data     extern C:\MCC18\src\traditional\proc\p18F2685.asm
                   B5SIDH   0x000e71       data     extern C:\MCC18\src\traditional\proc\p18F2685.asm
               B5SIDHbits   0x000e71       data     extern C:\MCC18\src\traditional\proc\p18F2685.asm
                   B5SIDL   0x000e72       data     extern C:\MCC18\src\traditional\proc\p18F2685.asm
               B5SIDLbits   0x000e72       data     extern C:\MCC18\src\traditional\proc\p18F2685.asm
                  BAUDCON   0x000fb8       data     extern C:\MCC18\src\traditional\proc\p18F2685.asm
              BAUDCONbits   0x000fb8       data     extern C:\MCC18\src\traditional\proc\p18F2685.asm
                     BIE0   0x000dfa       data     extern C:\MCC18\src\traditional\proc\p18F2685.asm
                 BIE0bits   0x000dfa       data     extern C:\MCC18\src\traditional\proc\p18F2685.asm
                  BRGCON1   0x000f70       data     extern C:\MCC18\src\traditional\proc\p18F2685.asm
              BRGCON1bits   0x000f70       data     extern C:\MCC18\src\traditional\proc\p18F2685.asm
                  BRGCON2   0x000f71       data     extern C:\MCC18\src\traditional\proc\p18F2685.asm
              BRGCON2bits   0x000f71       data     extern C:\MCC18\src\traditional\proc\p18F2685.asm
                  BRGCON3   0x000f72       data     extern C:\MCC18\src\traditional\proc\p18F2685.asm
              BRGCON3bits   0x000f72       data     extern C:\MCC18\src\traditional\proc\p18F2685.asm
                    BSEL0   0x000df8       data     extern C:\MCC18\src\traditional\proc\p18F2685.asm
                BSEL0bits   0x000df8       data     extern C:\MCC18\src\traditional\proc\p18F2685.asm
                      BSR   0x000fe0       data     extern C:\MCC18\src\traditional\proc\p18F2685.asm
                   CANCON   0x000f6f       data     extern C:\MCC18\src\traditional\proc\p18F2685.asm
               CANCON_RO0   0x000f5f       data     extern C:\MCC18\src\traditional\proc\p18F2685.asm
           CANCON_RO0bits   0x000f5f       data     extern C:\MCC18\src\traditional\proc\p18F2685.asm
               CANCON_RO1   0x000f4f       data     extern C:\MCC18\src\traditional\proc\p18F2685.asm
           CANCON_RO1bits   0x000f4f       data     extern C:\MCC18\src\traditional\proc\p18F2685.asm
               CANCON_RO2   0x000f3f       data     extern C:\MCC18\src\traditional\proc\p18F2685.asm
           CANCON_RO2bits   0x000f3f       data     extern C:\MCC18\src\traditional\proc\p18F2685.asm
               CANCON_RO3   0x000f2f       data     extern C:\MCC18\src\traditional\proc\p18F2685.asm
           CANCON_RO3bits   0x000f2f       data     extern C:\MCC18\src\traditional\proc\p18F2685.asm
               CANCON_RO4   0x000e7f       data     extern C:\MCC18\src\traditional\proc\p18F2685.asm
           CANCON_RO4bits   0x000e7f       data     extern C:\MCC18\src\traditional\proc\p18F2685.asm
               CANCON_RO5   0x000e6f       data     extern C:\MCC18\src\traditional\proc\p18F2685.asm
           CANCON_RO5bits   0x000e6f       data     extern C:\MCC18\src\traditional\proc\p18F2685.asm
               CANCON_RO6   0x000e5f       data     extern C:\MCC18\src\traditional\proc\p18F2685.asm
           CANCON_RO6bits   0x000e5f       data     extern C:\MCC18\src\traditional\proc\p18F2685.asm
               CANCON_RO7   0x000e4f       data     extern C:\MCC18\src\traditional\proc\p18F2685.asm
           CANCON_RO7bits   0x000e4f       data     extern C:\MCC18\src\traditional\proc\p18F2685.asm
               CANCON_RO8   0x000e3f       data     extern C:\MCC18\src\traditional\proc\p18F2685.asm
           CANCON_RO8bits   0x000e3f       data     extern C:\MCC18\src\traditional\proc\p18F2685.asm
               CANCON_RO9   0x000e2f       data     extern C:\MCC18\src\traditional\proc\p18F2685.asm
           CANCON_RO9bits   0x000e2f       data     extern C:\MCC18\src\traditional\proc\p18F2685.asm
               CANCONbits   0x000f6f       data     extern C:\MCC18\src\traditional\proc\p18F2685.asm
                  CANSTAT   0x000f6e       data     extern C:\MCC18\src\traditional\proc\p18F2685.asm
              CANSTAT_RO0   0x000f5e       data     extern C:\MCC18\src\traditional\proc\p18F2685.asm
          CANSTAT_RO0bits   0x000f5e       data     extern C:\MCC18\src\traditional\proc\p18F2685.asm
              CANSTAT_RO1   0x000f4e       data     extern C:\MCC18\src\traditional\proc\p18F2685.asm
          CANSTAT_RO1bits   0x000f4e       data     extern C:\MCC18\src\traditional\proc\p18F2685.asm
              CANSTAT_RO2   0x000f3e       data     extern C:\MCC18\src\traditional\proc\p18F2685.asm
          CANSTAT_RO2bits   0x000f3e       data     extern C:\MCC18\src\traditional\proc\p18F2685.asm
              CANSTAT_RO3   0x000f2e       data     extern C:\MCC18\src\traditional\proc\p18F2685.asm
          CANSTAT_RO3bits   0x000f2e       data     extern C:\MCC18\src\traditional\proc\p18F2685.asm
              CANSTAT_RO4   0x000e7e       data     extern C:\MCC18\src\traditional\proc\p18F2685.asm
          CANSTAT_RO4bits   0x000e7e       data     extern C:\MCC18\src\traditional\proc\p18F2685.asm
              CANSTAT_RO5   0x000e6e       data     extern C:\MCC18\src\traditional\proc\p18F2685.asm
          CANSTAT_RO5bits   0x000e6e       data     extern C:\MCC18\src\traditional\proc\p18F2685.asm
              CANSTAT_RO6   0x000e5e       data     extern C:\MCC18\src\traditional\proc\p18F2685.asm
          CANSTAT_RO6bits   0x000e5e       data     extern C:\MCC18\src\traditional\proc\p18F2685.asm
              CANSTAT_RO7   0x000e4e       data     extern C:\MCC18\src\traditional\proc\p18F2685.asm
          CANSTAT_RO7bits   0x000e4e       data     extern C:\MCC18\src\traditional\proc\p18F2685.asm
              CANSTAT_RO8   0x000e3e       data     extern C:\MCC18\src\traditional\proc\p18F2685.asm
          CANSTAT_RO8bits   0x000e3e       data     extern C:\MCC18\src\traditional\proc\p18F2685.asm
              CANSTAT_RO9   0x000e2e       data     extern C:\MCC18\src\traditional\proc\p18F2685.asm
          CANSTAT_RO9bits   0x000e2e       data     extern C:\MCC18\src\traditional\proc\p18F2685.asm
              CANSTATbits   0x000f6e       data     extern C:\MCC18\src\traditional\proc\p18F2685.asm
                  CCP1CON   0x000fbd       data     extern C:\MCC18\src\traditional\proc\p18F2685.asm
              CCP1CONbits   0x000fbd       data     extern C:\MCC18\src\traditional\proc\p18F2685.asm
                    CCPR1   0x000fbe       data     extern C:\MCC18\src\traditional\proc\p18F2685.asm
                   CCPR1H   0x000fbf       data     extern C:\MCC18\src\traditional\proc\p18F2685.asm
                   CCPR1L   0x000fbe       data     extern C:\MCC18\src\traditional\proc\p18F2685.asm
                   CIOCON   0x000f73       data     extern C:\MCC18\src\traditional\proc\p18F2685.asm
               CIOCONbits   0x000f73       data     extern C:\MCC18\src\traditional\proc\p18F2685.asm
                  COMSTAT   0x000f74       data     extern C:\MCC18\src\traditional\proc\p18F2685.asm
              COMSTATbits   0x000f74       data     extern C:\MCC18\src\traditional\proc\p18F2685.asm
                     DDRA   0x000f92       data     extern C:\MCC18\src\traditional\proc\p18F2685.asm
                 DDRAbits   0x000f92       data     extern C:\MCC18\src\traditional\proc\p18F2685.asm
                     DDRB   0x000f93       data     extern C:\MCC18\src\traditional\proc\p18F2685.asm
                 DDRBbits   0x000f93       data     extern C:\MCC18\src\traditional\proc\p18F2685.asm
                     DDRC   0x000f94       data     extern C:\MCC18\src\traditional\proc\p18F2685.asm
                 DDRCbits   0x000f94       data     extern C:\MCC18\src\traditional\proc\p18F2685.asm
            DelayCounter1   0x00001d       data     extern C:\MCC18\src\traditional\delays\delayd1.asm
            DelayCounter2   0x00001c       data     extern C:\MCC18\src\traditional\delays\delayd2.asm
                  ECANCON   0x000f77       data     extern C:\MCC18\src\traditional\proc\p18F2685.asm
              ECANCONbits   0x000f77       data     extern C:\MCC18\src\traditional\proc\p18F2685.asm
                    EEADR   0x000fa9       data     extern C:\MCC18\src\traditional\proc\p18F2685.asm
                   EEADRH   0x000faa       data     extern C:\MCC18\src\traditional\proc\p18F2685.asm
                   EECON1   0x000fa6       data     extern C:\MCC18\src\traditional\proc\p18F2685.asm
               EECON1bits   0x000fa6       data     extern C:\MCC18\src\traditional\proc\p18F2685.asm
                   EECON2   0x000fa7       data     extern C:\MCC18\src\traditional\proc\p18F2685.asm
                   EEDATA   0x000fa8       data     extern C:\MCC18\src\traditional\proc\p18F2685.asm
      EE_corner_threshold   0x00008d       data     extern K:\SPaRC code repository\Firmware\PIC\ARRAY\main.c
    EE_interrupt_throttle   0x00008e       data     extern K:\SPaRC code repository\Firmware\PIC\ARRAY\main.c
 EE_line_follow_threshold   0x00008b       data     extern K:\SPaRC code repository\Firmware\PIC\ARRAY\main.c
        EE_line_threshold   0x000089       data     extern K:\SPaRC code repository\Firmware\PIC\ARRAY\main.c
                     FSR0   0x000fe9       data     extern C:\MCC18\src\traditional\proc\p18F2685.asm
                    FSR0H   0x000fea       data     extern C:\MCC18\src\traditional\proc\p18F2685.asm
                    FSR0L   0x000fe9       data     extern C:\MCC18\src\traditional\proc\p18F2685.asm
                     FSR1   0x000fe1       data     extern C:\MCC18\src\traditional\proc\p18F2685.asm
                    FSR1H   0x000fe2       data     extern C:\MCC18\src\traditional\proc\p18F2685.asm
                    FSR1L   0x000fe1       data     extern C:\MCC18\src\traditional\proc\p18F2685.asm
                     FSR2   0x000fd9       data     extern C:\MCC18\src\traditional\proc\p18F2685.asm
                    FSR2H   0x000fda       data     extern C:\MCC18\src\traditional\proc\p18F2685.asm
                    FSR2L   0x000fd9       data     extern C:\MCC18\src\traditional\proc\p18F2685.asm
                 HEXASCII   0x0001f0       data     extern K:\SPaRC code repository\Firmware\PIC\ARRAY\serial.c
                  HLVDCON   0x000fd2       data     extern C:\MCC18\src\traditional\proc\p18F2685.asm
              HLVDCONbits   0x000fd2       data     extern C:\MCC18\src\traditional\proc\p18F2685.asm
                    INDF0   0x000fef       data     extern C:\MCC18\src\traditional\proc\p18F2685.asm
                    INDF1   0x000fe7       data     extern C:\MCC18\src\traditional\proc\p18F2685.asm
                    INDF2   0x000fdf       data     extern C:\MCC18\src\traditional\proc\p18F2685.asm
                   INTCON   0x000ff2       data     extern C:\MCC18\src\traditional\proc\p18F2685.asm
                  INTCON2   0x000ff1       data     extern C:\MCC18\src\traditional\proc\p18F2685.asm
              INTCON2bits   0x000ff1       data     extern C:\MCC18\src\traditional\proc\p18F2685.asm
                  INTCON3   0x000ff0       data     extern C:\MCC18\src\traditional\proc\p18F2685.asm
              INTCON3bits   0x000ff0       data     extern C:\MCC18\src\traditional\proc\p18F2685.asm
               INTCONbits   0x000ff2       data     extern C:\MCC18\src\traditional\proc\p18F2685.asm
                     IPR1   0x000f9f       data     extern C:\MCC18\src\traditional\proc\p18F2685.asm
                 IPR1bits   0x000f9f       data     extern C:\MCC18\src\traditional\proc\p18F2685.asm
                     IPR2   0x000fa2       data     extern C:\MCC18\src\traditional\proc\p18F2685.asm
                 IPR2bits   0x000fa2       data     extern C:\MCC18\src\traditional\proc\p18F2685.asm
                     IPR3   0x000fa5       data     extern C:\MCC18\src\traditional\proc\p18F2685.asm
                 IPR3bits   0x000fa5       data     extern C:\MCC18\src\traditional\proc\p18F2685.asm
                     LATA   0x000f89       data     extern C:\MCC18\src\traditional\proc\p18F2685.asm
                 LATAbits   0x000f89       data     extern C:\MCC18\src\traditional\proc\p18F2685.asm
                     LATB   0x000f8a       data     extern C:\MCC18\src\traditional\proc\p18F2685.asm
                 LATBbits   0x000f8a       data     extern C:\MCC18\src\traditional\proc\p18F2685.asm
                     LATC   0x000f8b       data     extern C:\MCC18\src\traditional\proc\p18F2685.asm
                 LATCbits   0x000f8b       data     extern C:\MCC18\src\traditional\proc\p18F2685.asm
                   LVDCON   0x000fd2       data     extern C:\MCC18\src\traditional\proc\p18F2685.asm
               LVDCONbits   0x000fd2       data     extern C:\MCC18\src\traditional\proc\p18F2685.asm
                    MSEL0   0x000df0       data     extern C:\MCC18\src\traditional\proc\p18F2685.asm
                MSEL0bits   0x000df0       data     extern C:\MCC18\src\traditional\proc\p18F2685.asm
                    MSEL1   0x000df1       data     extern C:\MCC18\src\traditional\proc\p18F2685.asm
                MSEL1bits   0x000df1       data     extern C:\MCC18\src\traditional\proc\p18F2685.asm
                    MSEL2   0x000df2       data     extern C:\MCC18\src\traditional\proc\p18F2685.asm
                MSEL2bits   0x000df2       data     extern C:\MCC18\src\traditional\proc\p18F2685.asm
                    MSEL3   0x000df3       data     extern C:\MCC18\src\traditional\proc\p18F2685.asm
                MSEL3bits   0x000df3       data     extern C:\MCC18\src\traditional\proc\p18F2685.asm
                   OSCCON   0x000fd3       data     extern C:\MCC18\src\traditional\proc\p18F2685.asm
               OSCCONbits   0x000fd3       data     extern C:\MCC18\src\traditional\proc\p18F2685.asm
                  OSCTUNE   0x000f9b       data     extern C:\MCC18\src\traditional\proc\p18F2685.asm
              OSCTUNEbits   0x000f9b       data     extern C:\MCC18\src\traditional\proc\p18F2685.asm
                       PC   0x000ff9       data     extern C:\MCC18\src\traditional\proc\p18F2685.asm
                      PCL   0x000ff9       data     extern C:\MCC18\src\traditional\proc\p18F2685.asm
                   PCLATH   0x000ffa       data     extern C:\MCC18\src\traditional\proc\p18F2685.asm
                   PCLATU   0x000ffb       data     extern C:\MCC18\src\traditional\proc\p18F2685.asm
                     PIE1   0x000f9d       data     extern C:\MCC18\src\traditional\proc\p18F2685.asm
                 PIE1bits   0x000f9d       data     extern C:\MCC18\src\traditional\proc\p18F2685.asm
                     PIE2   0x000fa0       data     extern C:\MCC18\src\traditional\proc\p18F2685.asm
                 PIE2bits   0x000fa0       data     extern C:\MCC18\src\traditional\proc\p18F2685.asm
                     PIE3   0x000fa3       data     extern C:\MCC18\src\traditional\proc\p18F2685.asm
                 PIE3bits   0x000fa3       data     extern C:\MCC18\src\traditional\proc\p18F2685.asm
                     PIR1   0x000f9e       data     extern C:\MCC18\src\traditional\proc\p18F2685.asm
                 PIR1bits   0x000f9e       data     extern C:\MCC18\src\traditional\proc\p18F2685.asm
                     PIR2   0x000fa1       data     extern C:\MCC18\src\traditional\proc\p18F2685.asm
                 PIR2bits   0x000fa1       data     extern C:\MCC18\src\traditional\proc\p18F2685.asm
                     PIR3   0x000fa4       data     extern C:\MCC18\src\traditional\proc\p18F2685.asm
                 PIR3bits   0x000fa4       data     extern C:\MCC18\src\traditional\proc\p18F2685.asm
                   PLUSW0   0x000feb       data     extern C:\MCC18\src\traditional\proc\p18F2685.asm
                   PLUSW1   0x000fe3       data     extern C:\MCC18\src\traditional\proc\p18F2685.asm
                   PLUSW2   0x000fdb       data     extern C:\MCC18\src\traditional\proc\p18F2685.asm
                    PORTA   0x000f80       data     extern C:\MCC18\src\traditional\proc\p18F2685.asm
                PORTAbits   0x000f80       data     extern C:\MCC18\src\traditional\proc\p18F2685.asm
                    PORTB   0x000f81       data     extern C:\MCC18\src\traditional\proc\p18F2685.asm
                PORTBbits   0x000f81       data     extern C:\MCC18\src\traditional\proc\p18F2685.asm
                    PORTC   0x000f82       data     extern C:\MCC18\src\traditional\proc\p18F2685.asm
                PORTCbits   0x000f82       data     extern C:\MCC18\src\traditional\proc\p18F2685.asm
                    PORTE   0x000f84       data     extern C:\MCC18\src\traditional\proc\p18F2685.asm
                PORTEbits   0x000f84       data     extern C:\MCC18\src\traditional\proc\p18F2685.asm
                 POSTDEC0   0x000fed       data     extern C:\MCC18\src\traditional\proc\p18F2685.asm
                 POSTDEC1   0x000fe5       data     extern C:\MCC18\src\traditional\proc\p18F2685.asm
                 POSTDEC2   0x000fdd       data     extern C:\MCC18\src\traditional\proc\p18F2685.asm
                 POSTINC0   0x000fee       data     extern C:\MCC18\src\traditional\proc\p18F2685.asm
                 POSTINC1   0x000fe6       data     extern C:\MCC18\src\traditional\proc\p18F2685.asm
                 POSTINC2   0x000fde       data     extern C:\MCC18\src\traditional\proc\p18F2685.asm
                      PR2   0x000fcb       data     extern C:\MCC18\src\traditional\proc\p18F2685.asm
                  PREINC0   0x000fec       data     extern C:\MCC18\src\traditional\proc\p18F2685.asm
                  PREINC1   0x000fe4       data     extern C:\MCC18\src\traditional\proc\p18F2685.asm
                  PREINC2   0x000fdc       data     extern C:\MCC18\src\traditional\proc\p18F2685.asm
                     PROD   0x000ff3       data     extern C:\MCC18\src\traditional\proc\p18F2685.asm
                    PRODH   0x000ff4       data     extern C:\MCC18\src\traditional\proc\p18F2685.asm
                    PRODL   0x000ff3       data     extern C:\MCC18\src\traditional\proc\p18F2685.asm
               ProcStatus   0x000086       data     extern K:\SPaRC code repository\Firmware\PIC\ARRAY\main.c
              QueueStatus   0x0000da       data     extern K:\SPaRC code repository\Firmware\PIC\ARRAY\queue.c
                     RCON   0x000fd0       data     extern C:\MCC18\src\traditional\proc\p18F2685.asm
                 RCONbits   0x000fd0       data     extern C:\MCC18\src\traditional\proc\p18F2685.asm
                    RCREG   0x000fae       data     extern C:\MCC18\src\traditional\proc\p18F2685.asm
                    RCSTA   0x000fab       data     extern C:\MCC18\src\traditional\proc\p18F2685.asm
                RCSTAbits   0x000fab       data     extern C:\MCC18\src\traditional\proc\p18F2685.asm
                  RXB0CON   0x000f60       data     extern C:\MCC18\src\traditional\proc\p18F2685.asm
              RXB0CONbits   0x000f60       data     extern C:\MCC18\src\traditional\proc\p18F2685.asm
                   RXB0D0   0x000f66       data     extern C:\MCC18\src\traditional\proc\p18F2685.asm
               RXB0D0bits   0x000f66       data     extern C:\MCC18\src\traditional\proc\p18F2685.asm
                   RXB0D1   0x000f67       data     extern C:\MCC18\src\traditional\proc\p18F2685.asm
               RXB0D1bits   0x000f67       data     extern C:\MCC18\src\traditional\proc\p18F2685.asm
                   RXB0D2   0x000f68       data     extern C:\MCC18\src\traditional\proc\p18F2685.asm
               RXB0D2bits   0x000f68       data     extern C:\MCC18\src\traditional\proc\p18F2685.asm
                   RXB0D3   0x000f69       data     extern C:\MCC18\src\traditional\proc\p18F2685.asm
               RXB0D3bits   0x000f69       data     extern C:\MCC18\src\traditional\proc\p18F2685.asm
                   RXB0D4   0x000f6a       data     extern C:\MCC18\src\traditional\proc\p18F2685.asm
               RXB0D4bits   0x000f6a       data     extern C:\MCC18\src\traditional\proc\p18F2685.asm
                   RXB0D5   0x000f6b       data     extern C:\MCC18\src\traditional\proc\p18F2685.asm
               RXB0D5bits   0x000f6b       data     extern C:\MCC18\src\traditional\proc\p18F2685.asm
                   RXB0D6   0x000f6c       data     extern C:\MCC18\src\traditional\proc\p18F2685.asm
               RXB0D6bits   0x000f6c       data     extern C:\MCC18\src\traditional\proc\p18F2685.asm
                   RXB0D7   0x000f6d       data     extern C:\MCC18\src\traditional\proc\p18F2685.asm
               RXB0D7bits   0x000f6d       data     extern C:\MCC18\src\traditional\proc\p18F2685.asm
                  RXB0DLC   0x000f65       data     extern C:\MCC18\src\traditional\proc\p18F2685.asm
              RXB0DLCbits   0x000f65       data     extern C:\MCC18\src\traditional\proc\p18F2685.asm
                 RXB0EIDH   0x000f63       data     extern C:\MCC18\src\traditional\proc\p18F2685.asm
             RXB0EIDHbits   0x000f63       data     extern C:\MCC18\src\traditional\proc\p18F2685.asm
                 RXB0EIDL   0x000f64       data     extern C:\MCC18\src\traditional\proc\p18F2685.asm
             RXB0EIDLbits   0x000f64       data     extern C:\MCC18\src\traditional\proc\p18F2685.asm
                 RXB0SIDH   0x000f61       data     extern C:\MCC18\src\traditional\proc\p18F2685.asm
             RXB0SIDHbits   0x000f61       data     extern C:\MCC18\src\traditional\proc\p18F2685.asm
                 RXB0SIDL   0x000f62       data     extern C:\MCC18\src\traditional\proc\p18F2685.asm
             RXB0SIDLbits   0x000f62       data     extern C:\MCC18\src\traditional\proc\p18F2685.asm
                  RXB1CON   0x000f50       data     extern C:\MCC18\src\traditional\proc\p18F2685.asm
              RXB1CONbits   0x000f50       data     extern C:\MCC18\src\traditional\proc\p18F2685.asm
                   RXB1D0   0x000f56       data     extern C:\MCC18\src\traditional\proc\p18F2685.asm
               RXB1D0bits   0x000f56       data     extern C:\MCC18\src\traditional\proc\p18F2685.asm
                   RXB1D1   0x000f57       data     extern C:\MCC18\src\traditional\proc\p18F2685.asm
               RXB1D1bits   0x000f57       data     extern C:\MCC18\src\traditional\proc\p18F2685.asm
                   RXB1D2   0x000f58       data     extern C:\MCC18\src\traditional\proc\p18F2685.asm
               RXB1D2bits   0x000f58       data     extern C:\MCC18\src\traditional\proc\p18F2685.asm
                   RXB1D3   0x000f59       data     extern C:\MCC18\src\traditional\proc\p18F2685.asm
               RXB1D3bits   0x000f59       data     extern C:\MCC18\src\traditional\proc\p18F2685.asm
                   RXB1D4   0x000f5a       data     extern C:\MCC18\src\traditional\proc\p18F2685.asm
               RXB1D4bits   0x000f5a       data     extern C:\MCC18\src\traditional\proc\p18F2685.asm
                   RXB1D5   0x000f5b       data     extern C:\MCC18\src\traditional\proc\p18F2685.asm
               RXB1D5bits   0x000f5b       data     extern C:\MCC18\src\traditional\proc\p18F2685.asm
                   RXB1D6   0x000f5c       data     extern C:\MCC18\src\traditional\proc\p18F2685.asm
               RXB1D6bits   0x000f5c       data     extern C:\MCC18\src\traditional\proc\p18F2685.asm
                   RXB1D7   0x000f5d       data     extern C:\MCC18\src\traditional\proc\p18F2685.asm
               RXB1D7bits   0x000f5d       data     extern C:\MCC18\src\traditional\proc\p18F2685.asm
                  RXB1DLC   0x000f55       data     extern C:\MCC18\src\traditional\proc\p18F2685.asm
              RXB1DLCbits   0x000f55       data     extern C:\MCC18\src\traditional\proc\p18F2685.asm
                 RXB1EIDH   0x000f53       data     extern C:\MCC18\src\traditional\proc\p18F2685.asm
             RXB1EIDHbits   0x000f53       data     extern C:\MCC18\src\traditional\proc\p18F2685.asm
                 RXB1EIDL   0x000f54       data     extern C:\MCC18\src\traditional\proc\p18F2685.asm
             RXB1EIDLbits   0x000f54       data     extern C:\MCC18\src\traditional\proc\p18F2685.asm
                 RXB1SIDH   0x000f51       data     extern C:\MCC18\src\traditional\proc\p18F2685.asm
             RXB1SIDHbits   0x000f51       data     extern C:\MCC18\src\traditional\proc\p18F2685.asm
                 RXB1SIDL   0x000f52       data     extern C:\MCC18\src\traditional\proc\p18F2685.asm
             RXB1SIDLbits   0x000f52       data     extern C:\MCC18\src\traditional\proc\p18F2685.asm
                 RXERRCNT   0x000f75       data     extern C:\MCC18\src\traditional\proc\p18F2685.asm
             RXERRCNTbits   0x000f75       data     extern C:\MCC18\src\traditional\proc\p18F2685.asm
                 RXF0EIDH   0x000f02       data     extern C:\MCC18\src\traditional\proc\p18F2685.asm
             RXF0EIDHbits   0x000f02       data     extern C:\MCC18\src\traditional\proc\p18F2685.asm
                 RXF0EIDL   0x000f03       data     extern C:\MCC18\src\traditional\proc\p18F2685.asm
             RXF0EIDLbits   0x000f03       data     extern C:\MCC18\src\traditional\proc\p18F2685.asm
                 RXF0SIDH   0x000f00       data     extern C:\MCC18\src\traditional\proc\p18F2685.asm
             RXF0SIDHbits   0x000f00       data     extern C:\MCC18\src\traditional\proc\p18F2685.asm
                 RXF0SIDL   0x000f01       data     extern C:\MCC18\src\traditional\proc\p18F2685.asm
             RXF0SIDLbits   0x000f01       data     extern C:\MCC18\src\traditional\proc\p18F2685.asm
                RXF10EIDH   0x000d76       data     extern C:\MCC18\src\traditional\proc\p18F2685.asm
            RXF10EIDHbits   0x000d76       data     extern C:\MCC18\src\traditional\proc\p18F2685.asm
                RXF10EIDL   0x000d77       data     extern C:\MCC18\src\traditional\proc\p18F2685.asm
            RXF10EIDLbits   0x000d77       data     extern C:\MCC18\src\traditional\proc\p18F2685.asm
                RXF10SIDH   0x000d74       data     extern C:\MCC18\src\traditional\proc\p18F2685.asm
            RXF10SIDHbits   0x000d74       data     extern C:\MCC18\src\traditional\proc\p18F2685.asm
                RXF10SIDL   0x000d75       data     extern C:\MCC18\src\traditional\proc\p18F2685.asm
            RXF10SIDLbits   0x000d75       data     extern C:\MCC18\src\traditional\proc\p18F2685.asm
                RXF11EIDH   0x000d7a       data     extern C:\MCC18\src\traditional\proc\p18F2685.asm
            RXF11EIDHbits   0x000d7a       data     extern C:\MCC18\src\traditional\proc\p18F2685.asm
                RXF11EIDL   0x000d7b       data     extern C:\MCC18\src\traditional\proc\p18F2685.asm
            RXF11EIDLbits   0x000d7b       data     extern C:\MCC18\src\traditional\proc\p18F2685.asm
                RXF11SIDH   0x000d78       data     extern C:\MCC18\src\traditional\proc\p18F2685.asm
            RXF11SIDHbits   0x000d78       data     extern C:\MCC18\src\traditional\proc\p18F2685.asm
                RXF11SIDL   0x000d79       data     extern C:\MCC18\src\traditional\proc\p18F2685.asm
            RXF11SIDLbits   0x000d79       data     extern C:\MCC18\src\traditional\proc\p18F2685.asm
                RXF12EIDH   0x000d82       data     extern C:\MCC18\src\traditional\proc\p18F2685.asm
            RXF12EIDHbits   0x000d82       data     extern C:\MCC18\src\traditional\proc\p18F2685.asm
                RXF12EIDL   0x000d83       data     extern C:\MCC18\src\traditional\proc\p18F2685.asm
            RXF12EIDLbits   0x000d83       data     extern C:\MCC18\src\traditional\proc\p18F2685.asm
                RXF12SIDH   0x000d80       data     extern C:\MCC18\src\traditional\proc\p18F2685.asm
            RXF12SIDHbits   0x000d80       data     extern C:\MCC18\src\traditional\proc\p18F2685.asm
                RXF12SIDL   0x000d81       data     extern C:\MCC18\src\traditional\proc\p18F2685.asm
            RXF12SIDLbits   0x000d81       data     extern C:\MCC18\src\traditional\proc\p18F2685.asm
                RXF13EIDH   0x000d86       data     extern C:\MCC18\src\traditional\proc\p18F2685.asm
            RXF13EIDHbits   0x000d86       data     extern C:\MCC18\src\traditional\proc\p18F2685.asm
                RXF13EIDL   0x000d87       data     extern C:\MCC18\src\traditional\proc\p18F2685.asm
            RXF13EIDLbits   0x000d87       data     extern C:\MCC18\src\traditional\proc\p18F2685.asm
                RXF13SIDH   0x000d84       data     extern C:\MCC18\src\traditional\proc\p18F2685.asm
            RXF13SIDHbits   0x000d84       data     extern C:\MCC18\src\traditional\proc\p18F2685.asm
                RXF13SIDL   0x000d85       data     extern C:\MCC18\src\traditional\proc\p18F2685.asm
            RXF13SIDLbits   0x000d85       data     extern C:\MCC18\src\traditional\proc\p18F2685.asm
                RXF14EIDH   0x000d8a       data     extern C:\MCC18\src\traditional\proc\p18F2685.asm
            RXF14EIDHbits   0x000d8a       data     extern C:\MCC18\src\traditional\proc\p18F2685.asm
                RXF14EIDL   0x000d8b       data     extern C:\MCC18\src\traditional\proc\p18F2685.asm
            RXF14EIDLbits   0x000d8b       data     extern C:\MCC18\src\traditional\proc\p18F2685.asm
                RXF14SIDH   0x000d88       data     extern C:\MCC18\src\traditional\proc\p18F2685.asm
            RXF14SIDHbits   0x000d88       data     extern C:\MCC18\src\traditional\proc\p18F2685.asm
                RXF14SIDL   0x000d89       data     extern C:\MCC18\src\traditional\proc\p18F2685.asm
            RXF14SIDLbits   0x000d89       data     extern C:\MCC18\src\traditional\proc\p18F2685.asm
                RXF15EIDH   0x000d92       data     extern C:\MCC18\src\traditional\proc\p18F2685.asm
            RXF15EIDHbits   0x000d92       data     extern C:\MCC18\src\traditional\proc\p18F2685.asm
                RXF15EIDL   0x000d93       data     extern C:\MCC18\src\traditional\proc\p18F2685.asm
            RXF15EIDLbits   0x000d93       data     extern C:\MCC18\src\traditional\proc\p18F2685.asm
                RXF15SIDH   0x000d90       data     extern C:\MCC18\src\traditional\proc\p18F2685.asm
            RXF15SIDHbits   0x000d90       data     extern C:\MCC18\src\traditional\proc\p18F2685.asm
                RXF15SIDL   0x000d91       data     extern C:\MCC18\src\traditional\proc\p18F2685.asm
            RXF15SIDLbits   0x000d91       data     extern C:\MCC18\src\traditional\proc\p18F2685.asm
                 RXF1EIDH   0x000f06       data     extern C:\MCC18\src\traditional\proc\p18F2685.asm
             RXF1EIDHbits   0x000f06       data     extern C:\MCC18\src\traditional\proc\p18F2685.asm
                 RXF1EIDL   0x000f07       data     extern C:\MCC18\src\traditional\proc\p18F2685.asm
             RXF1EIDLbits   0x000f07       data     extern C:\MCC18\src\traditional\proc\p18F2685.asm
                 RXF1SIDH   0x000f04       data     extern C:\MCC18\src\traditional\proc\p18F2685.asm
             RXF1SIDHbits   0x000f04       data     extern C:\MCC18\src\traditional\proc\p18F2685.asm
                 RXF1SIDL   0x000f05       data     extern C:\MCC18\src\traditional\proc\p18F2685.asm
             RXF1SIDLbits   0x000f05       data     extern C:\MCC18\src\traditional\proc\p18F2685.asm
                 RXF2EIDH   0x000f0a       data     extern C:\MCC18\src\traditional\proc\p18F2685.asm
             RXF2EIDHbits   0x000f0a       data     extern C:\MCC18\src\traditional\proc\p18F2685.asm
                 RXF2EIDL   0x000f0b       data     extern C:\MCC18\src\traditional\proc\p18F2685.asm
             RXF2EIDLbits   0x000f0b       data     extern C:\MCC18\src\traditional\proc\p18F2685.asm
[...]
                   RXB0D2   0x000f68       data     extern C:\MCC18\src\traditional\proc\p18F2685.asm
               RXB0D2bits   0x000f68       data     extern C:\MCC18\src\traditional\proc\p18F2685.asm
                   RXB0D3   0x000f69       data     extern C:\MCC18\src\traditional\proc\p18F2685.asm
               RXB0D3bits   0x000f69       data     extern C:\MCC18\src\traditional\proc\p18F2685.asm
                   RXB0D4   0x000f6a       data     extern C:\MCC18\src\traditional\proc\p18F2685.asm
               RXB0D4bits   0x000f6a       data     extern C:\MCC18\src\traditional\proc\p18F2685.asm
                   RXB0D5   0x000f6b       data     extern C:\MCC18\src\traditional\proc\p18F2685.asm
               RXB0D5bits   0x000f6b       data     extern C:\MCC18\src\traditional\proc\p18F2685.asm
                   RXB0D6   0x000f6c       data     extern C:\MCC18\src\traditional\proc\p18F2685.asm
               RXB0D6bits   0x000f6c       data     extern C:\MCC18\src\traditional\proc\p18F2685.asm
               RXB0D7bits   0x000f6d       data     extern C:\MCC18\src\traditional\proc\p18F2685.asm
                   RXB0D7   0x000f6d       data     extern C:\MCC18\src\traditional\proc\p18F2685.asm
              CANSTATbits   0x000f6e       data     extern C:\MCC18\src\traditional\proc\p18F2685.asm
                  CANSTAT   0x000f6e       data     extern C:\MCC18\src\traditional\proc\p18F2685.asm
               CANCONbits   0x000f6f       data     extern C:\MCC18\src\traditional\proc\p18F2685.asm
                   CANCON   0x000f6f       data     extern C:\MCC18\src\traditional\proc\p18F2685.asm
              BRGCON1bits   0x000f70       data     extern C:\MCC18\src\traditional\proc\p18F2685.asm
                  BRGCON1   0x000f70       data     extern C:\MCC18\src\traditional\proc\p18F2685.asm
              BRGCON2bits   0x000f71       data     extern C:\MCC18\src\traditional\proc\p18F2685.asm
                  BRGCON2   0x000f71       data     extern C:\MCC18\src\traditional\proc\p18F2685.asm
              BRGCON3bits   0x000f72       data     extern C:\MCC18\src\traditional\proc\p18F2685.asm
                  BRGCON3   0x000f72       data     extern C:\MCC18\src\traditional\proc\p18F2685.asm
               CIOCONbits   0x000f73       data     extern C:\MCC18\src\traditional\proc\p18F2685.asm
                   CIOCON   0x000f73       data     extern C:\MCC18\src\traditional\proc\p18F2685.asm
              COMSTATbits   0x000f74       data     extern C:\MCC18\src\traditional\proc\p18F2685.asm
                  COMSTAT   0x000f74       data     extern C:\MCC18\src\traditional\proc\p18F2685.asm
                 RXERRCNT   0x000f75       data     extern C:\MCC18\src\traditional\proc\p18F2685.asm
             RXERRCNTbits   0x000f75       data     extern C:\MCC18\src\traditional\proc\p18F2685.asm
                 TXERRCNT   0x000f76       data     extern C:\MCC18\src\traditional\proc\p18F2685.asm
             TXERRCNTbits   0x000f76       data     extern C:\MCC18\src\traditional\proc\p18F2685.asm
              ECANCONbits   0x000f77       data     extern C:\MCC18\src\traditional\proc\p18F2685.asm
                  ECANCON   0x000f77       data     extern C:\MCC18\src\traditional\proc\p18F2685.asm
                    PORTA   0x000f80       data     extern C:\MCC18\src\traditional\proc\p18F2685.asm
                PORTAbits   0x000f80       data     extern C:\MCC18\src\traditional\proc\p18F2685.asm
                    PORTB   0x000f81       data     extern C:\MCC18\src\traditional\proc\p18F2685.asm
                PORTBbits   0x000f81       data     extern C:\MCC18\src\traditional\proc\p18F2685.asm
                PORTCbits   0x000f82       data     extern C:\MCC18\src\traditional\proc\p18F2685.asm
                    PORTC   0x000f82       data     extern C:\MCC18\src\traditional\proc\p18F2685.asm
                PORTEbits   0x000f84       data     extern C:\MCC18\src\traditional\proc\p18F2685.asm
                    PORTE   0x000f84       data     extern C:\MCC18\src\traditional\proc\p18F2685.asm
                     LATA   0x000f89       data     extern C:\MCC18\src\traditional\proc\p18F2685.asm
                 LATAbits   0x000f89       data     extern C:\MCC18\src\traditional\proc\p18F2685.asm
                     LATB   0x000f8a       data     extern C:\MCC18\src\traditional\proc\p18F2685.asm
                 LATBbits   0x000f8a       data     extern C:\MCC18\src\traditional\proc\p18F2685.asm
                 LATCbits   0x000f8b       data     extern C:\MCC18\src\traditional\proc\p18F2685.asm
                     LATC   0x000f8b       data     extern C:\MCC18\src\traditional\proc\p18F2685.asm
                    TRISA   0x000f92       data     extern C:\MCC18\src\traditional\proc\p18F2685.asm
                TRISAbits   0x000f92       data     extern C:\MCC18\src\traditional\proc\p18F2685.asm
                 DDRAbits   0x000f92       data     extern C:\MCC18\src\traditional\proc\p18F2685.asm
                     DDRA   0x000f92       data     extern C:\MCC18\src\traditional\proc\p18F2685.asm
                    TRISB   0x000f93       data     extern C:\MCC18\src\traditional\proc\p18F2685.asm
                TRISBbits   0x000f93       data     extern C:\MCC18\src\traditional\proc\p18F2685.asm
                     DDRB   0x000f93       data     extern C:\MCC18\src\traditional\proc\p18F2685.asm
                 DDRBbits   0x000f93       data     extern C:\MCC18\src\traditional\proc\p18F2685.asm
                     DDRC   0x000f94       data     extern C:\MCC18\src\traditional\proc\p18F2685.asm
                 DDRCbits   0x000f94       data     extern C:\MCC18\src\traditional\proc\p18F2685.asm
                TRISCbits   0x000f94       data     extern C:\MCC18\src\traditional\proc\p18F2685.asm
                    TRISC   0x000f94       data     extern C:\MCC18\src\traditional\proc\p18F2685.asm
                  OSCTUNE   0x000f9b       data     extern C:\MCC18\src\traditional\proc\p18F2685.asm
              OSCTUNEbits   0x000f9b       data     extern C:\MCC18\src\traditional\proc\p18F2685.asm
                 PIE1bits   0x000f9d       data     extern C:\MCC18\src\traditional\proc\p18F2685.asm
                     PIE1   0x000f9d       data     extern C:\MCC18\src\traditional\proc\p18F2685.asm
                     PIR1   0x000f9e       data     extern C:\MCC18\src\traditional\proc\p18F2685.asm
                 PIR1bits   0x000f9e       data     extern C:\MCC18\src\traditional\proc\p18F2685.asm
                     IPR1   0x000f9f       data     extern C:\MCC18\src\traditional\proc\p18F2685.asm
                 IPR1bits   0x000f9f       data     extern C:\MCC18\src\traditional\proc\p18F2685.asm
                 PIE2bits   0x000fa0       data     extern C:\MCC18\src\traditional\proc\p18F2685.asm
                     PIE2   0x000fa0       data     extern C:\MCC18\src\traditional\proc\p18F2685.asm
                     PIR2   0x000fa1       data     extern C:\MCC18\src\traditional\proc\p18F2685.asm
                 PIR2bits   0x000fa1       data     extern C:\MCC18\src\traditional\proc\p18F2685.asm
                     IPR2   0x000fa2       data     extern C:\MCC18\src\traditional\proc\p18F2685.asm
                 IPR2bits   0x000fa2       data     extern C:\MCC18\src\traditional\proc\p18F2685.asm
                     PIE3   0x000fa3       data     extern C:\MCC18\src\traditional\proc\p18F2685.asm
                 PIE3bits   0x000fa3       data     extern C:\MCC18\src\traditional\proc\p18F2685.asm
                     PIR3   0x000fa4       data     extern C:\MCC18\src\traditional\proc\p18F2685.asm
                 PIR3bits   0x000fa4       data     extern C:\MCC18\src\traditional\proc\p18F2685.asm
                 IPR3bits   0x000fa5       data     extern C:\MCC18\src\traditional\proc\p18F2685.asm
                     IPR3   0x000fa5       data     extern C:\MCC18\src\traditional\proc\p18F2685.asm
               EECON1bits   0x000fa6       data     extern C:\MCC18\src\traditional\proc\p18F2685.asm
                   EECON1   0x000fa6       data     extern C:\MCC18\src\traditional\proc\p18F2685.asm
                   EECON2   0x000fa7       data     extern C:\MCC18\src\traditional\proc\p18F2685.asm
                   EEDATA   0x000fa8       data     extern C:\MCC18\src\traditional\proc\p18F2685.asm
                    EEADR   0x000fa9       data     extern C:\MCC18\src\traditional\proc\p18F2685.asm
                   EEADRH   0x000faa       data     extern C:\MCC18\src\traditional\proc\p18F2685.asm
                RCSTAbits   0x000fab       data     extern C:\MCC18\src\traditional\proc\p18F2685.asm
                    RCSTA   0x000fab       data     extern C:\MCC18\src\traditional\proc\p18F2685.asm
                    TXSTA   0x000fac       data     extern C:\MCC18\src\traditional\proc\p18F2685.asm
                TXSTAbits   0x000fac       data     extern C:\MCC18\src\traditional\proc\p18F2685.asm
                    TXREG   0x000fad       data     extern C:\MCC18\src\traditional\proc\p18F2685.asm
                    RCREG   0x000fae       data     extern C:\MCC18\src\traditional\proc\p18F2685.asm
                    SPBRG   0x000faf       data     extern C:\MCC18\src\traditional\proc\p18F2685.asm
                   SPBRGH   0x000fb0       data     extern C:\MCC18\src\traditional\proc\p18F2685.asm
                    T3CON   0x000fb1       data     extern C:\MCC18\src\traditional\proc\p18F2685.asm
                T3CONbits   0x000fb1       data     extern C:\MCC18\src\traditional\proc\p18F2685.asm
                    TMR3L   0x000fb2       data     extern C:\MCC18\src\traditional\proc\p18F2685.asm
                    TMR3H   0x000fb3       data     extern C:\MCC18\src\traditional\proc\p18F2685.asm
              BAUDCONbits   0x000fb8       data     extern C:\MCC18\src\traditional\proc\p18F2685.asm
                  BAUDCON   0x000fb8       data     extern C:\MCC18\src\traditional\proc\p18F2685.asm
                  CCP1CON   0x000fbd       data     extern C:\MCC18\src\traditional\proc\p18F2685.asm
              CCP1CONbits   0x000fbd       data     extern C:\MCC18\src\traditional\proc\p18F2685.asm
                   CCPR1L   0x000fbe       data     extern C:\MCC18\src\traditional\proc\p18F2685.asm
                    CCPR1   0x000fbe       data     extern C:\MCC18\src\traditional\proc\p18F2685.asm
                   CCPR1H   0x000fbf       data     extern C:\MCC18\src\traditional\proc\p18F2685.asm
               ADCON2bits   0x000fc0       data     extern C:\MCC18\src\traditional\proc\p18F2685.asm
                   ADCON2   0x000fc0       data     extern C:\MCC18\src\traditional\proc\p18F2685.asm
               ADCON1bits   0x000fc1       data     extern C:\MCC18\src\traditional\proc\p18F2685.asm
                   ADCON1   0x000fc1       data     extern C:\MCC18\src\traditional\proc\p18F2685.asm
               ADCON0bits   0x000fc2       data     extern C:\MCC18\src\traditional\proc\p18F2685.asm
                   ADCON0   0x000fc2       data     extern C:\MCC18\src\traditional\proc\p18F2685.asm
                   ADRESL   0x000fc3       data     extern C:\MCC18\src\traditional\proc\p18F2685.asm
                    ADRES   0x000fc3       data     extern C:\MCC18\src\traditional\proc\p18F2685.asm
                   ADRESH   0x000fc4       data     extern C:\MCC18\src\traditional\proc\p18F2685.asm
                  SSPCON2   0x000fc5       data     extern C:\MCC18\src\traditional\proc\p18F2685.asm
              SSPCON2bits   0x000fc5       data     extern C:\MCC18\src\traditional\proc\p18F2685.asm
              SSPCON1bits   0x000fc6       data     extern C:\MCC18\src\traditional\proc\p18F2685.asm
                  SSPCON1   0x000fc6       data     extern C:\MCC18\src\traditional\proc\p18F2685.asm
              SSPSTATbits   0x000fc7       data     extern C:\MCC18\src\traditional\proc\p18F2685.asm
                  SSPSTAT   0x000fc7       data     extern C:\MCC18\src\traditional\proc\p18F2685.asm
                   SSPADD   0x000fc8       data     extern C:\MCC18\src\traditional\proc\p18F2685.asm
                   SSPBUF   0x000fc9       data     extern C:\MCC18\src\traditional\proc\p18F2685.asm
                    T2CON   0x000fca       data     extern C:\MCC18\src\traditional\proc\p18F2685.asm
                T2CONbits   0x000fca       data     extern C:\MCC18\src\traditional\proc\p18F2685.asm
                      PR2   0x000fcb       data     extern C:\MCC18\src\traditional\proc\p18F2685.asm
                     TMR2   0x000fcc       data     extern C:\MCC18\src\traditional\proc\p18F2685.asm
                    T1CON   0x000fcd       data     extern C:\MCC18\src\traditional\proc\p18F2685.asm
                T1CONbits   0x000fcd       data     extern C:\MCC18\src\traditional\proc\p18F2685.asm
                    TMR1L   0x000fce       data     extern C:\MCC18\src\traditional\proc\p18F2685.asm
                    TMR1H   0x000fcf       data     extern C:\MCC18\src\traditional\proc\p18F2685.asm
                     RCON   0x000fd0       data     extern C:\MCC18\src\traditional\proc\p18F2685.asm
                 RCONbits   0x000fd0       data     extern C:\MCC18\src\traditional\proc\p18F2685.asm
               WDTCONbits   0x000fd1       data     extern C:\MCC18\src\traditional\proc\p18F2685.asm
                   WDTCON   0x000fd1       data     extern C:\MCC18\src\traditional\proc\p18F2685.asm
                  HLVDCON   0x000fd2       data     extern C:\MCC18\src\traditional\proc\p18F2685.asm
              HLVDCONbits   0x000fd2       data     extern C:\MCC18\src\traditional\proc\p18F2685.asm
                   LVDCON   0x000fd2       data     extern C:\MCC18\src\traditional\proc\p18F2685.asm
               LVDCONbits   0x000fd2       data     extern C:\MCC18\src\traditional\proc\p18F2685.asm
                   OSCCON   0x000fd3       data     extern C:\MCC18\src\traditional\proc\p18F2685.asm
               OSCCONbits   0x000fd3       data     extern C:\MCC18\src\traditional\proc\p18F2685.asm
                    T0CON   0x000fd5       data     extern C:\MCC18\src\traditional\proc\p18F2685.asm
                T0CONbits   0x000fd5       data     extern C:\MCC18\src\traditional\proc\p18F2685.asm
                    TMR0L   0x000fd6       data     extern C:\MCC18\src\traditional\proc\p18F2685.asm
                    TMR0H   0x000fd7       data     extern C:\MCC18\src\traditional\proc\p18F2685.asm
                   STATUS   0x000fd8       data     extern C:\MCC18\src\traditional\proc\p18F2685.asm
               STATUSbits   0x000fd8       data     extern C:\MCC18\src\traditional\proc\p18F2685.asm
                    FSR2L   0x000fd9       data     extern C:\MCC18\src\traditional\proc\p18F2685.asm
                     FSR2   0x000fd9       data     extern C:\MCC18\src\traditional\proc\p18F2685.asm
                    FSR2H   0x000fda       data     extern C:\MCC18\src\traditional\proc\p18F2685.asm
                   PLUSW2   0x000fdb       data     extern C:\MCC18\src\traditional\proc\p18F2685.asm
                  PREINC2   0x000fdc       data     extern C:\MCC18\src\traditional\proc\p18F2685.asm
                 POSTDEC2   0x000fdd       data     extern C:\MCC18\src\traditional\proc\p18F2685.asm
                 POSTINC2   0x000fde       data     extern C:\MCC18\src\traditional\proc\p18F2685.asm
                    INDF2   0x000fdf       data     extern C:\MCC18\src\traditional\proc\p18F2685.asm
                      BSR   0x000fe0       data     extern C:\MCC18\src\traditional\proc\p18F2685.asm
                     FSR1   0x000fe1       data     extern C:\MCC18\src\traditional\proc\p18F2685.asm
                    FSR1L   0x000fe1       data     extern C:\MCC18\src\traditional\proc\p18F2685.asm
                    FSR1H   0x000fe2       data     extern C:\MCC18\src\traditional\proc\p18F2685.asm
                   PLUSW1   0x000fe3       data     extern C:\MCC18\src\traditional\proc\p18F2685.asm
                  PREINC1   0x000fe4       data     extern C:\MCC18\src\traditional\proc\p18F2685.asm
                 POSTDEC1   0x000fe5       data     extern C:\MCC18\src\traditional\proc\p18F2685.asm
                 POSTINC1   0x000fe6       data     extern C:\MCC18\src\traditional\proc\p18F2685.asm
                    INDF1   0x000fe7       data     extern C:\MCC18\src\traditional\proc\p18F2685.asm
                     WREG   0x000fe8       data     extern C:\MCC18\src\traditional\proc\p18F2685.asm
                    FSR0L   0x000fe9       data     extern C:\MCC18\src\traditional\proc\p18F2685.asm
                     FSR0   0x000fe9       data     extern C:\MCC18\src\traditional\proc\p18F2685.asm
                    FSR0H   0x000fea       data     extern C:\MCC18\src\traditional\proc\p18F2685.asm
                   PLUSW0   0x000feb       data     extern C:\MCC18\src\traditional\proc\p18F2685.asm
                  PREINC0   0x000fec       data     extern C:\MCC18\src\traditional\proc\p18F2685.asm
                 POSTDEC0   0x000fed       data     extern C:\MCC18\src\traditional\proc\p18F2685.asm
                 POSTINC0   0x000fee       data     extern C:\MCC18\src\traditional\proc\p18F2685.asm
                    INDF0   0x000fef       data     extern C:\MCC18\src\traditional\proc\p18F2685.asm
                  INTCON3   0x000ff0       data     extern C:\MCC18\src\traditional\proc\p18F2685.asm
              INTCON3bits   0x000ff0       data     extern C:\MCC18\src\traditional\proc\p18F2685.asm
                  INTCON2   0x000ff1       data     extern C:\MCC18\src\traditional\proc\p18F2685.asm
              INTCON2bits   0x000ff1       data     extern C:\MCC18\src\traditional\proc\p18F2685.asm
                   INTCON   0x000ff2       data     extern C:\MCC18\src\traditional\proc\p18F2685.asm
               INTCONbits   0x000ff2       data     extern C:\MCC18\src\traditional\proc\p18F2685.asm
                     PROD   0x000ff3       data     extern C:\MCC18\src\traditional\proc\p18F2685.asm
                    PRODL   0x000ff3       data     extern C:\MCC18\src\traditional\proc\p18F2685.asm
                    PRODH   0x000ff4       data     extern C:\MCC18\src\traditional\proc\p18F2685.asm
                   TABLAT   0x000ff5       data     extern C:\MCC18\src\traditional\proc\p18F2685.asm
                   TBLPTR   0x000ff6       data     extern C:\MCC18\src\traditional\proc\p18F2685.asm
                  TBLPTRL   0x000ff6       data     extern C:\MCC18\src\traditional\proc\p18F2685.asm
                  TBLPTRH   0x000ff7       data     extern C:\MCC18\src\traditional\proc\p18F2685.asm
                  TBLPTRU   0x000ff8       data     extern C:\MCC18\src\traditional\proc\p18F2685.asm
                      PCL   0x000ff9       data     extern C:\MCC18\src\traditional\proc\p18F2685.asm
                       PC   0x000ff9       data     extern C:\MCC18\src\traditional\proc\p18F2685.asm
                   PCLATH   0x000ffa       data     extern C:\MCC18\src\traditional\proc\p18F2685.asm
                   PCLATU   0x000ffb       data     extern C:\MCC18\src\traditional\proc\p18F2685.asm
               STKPTRbits   0x000ffc       data     extern C:\MCC18\src\traditional\proc\p18F2685.asm
                   STKPTR   0x000ffc       data     extern C:\MCC18\src\traditional\proc\p18F2685.asm
                      TOS   0x000ffd       data     extern C:\MCC18\src\traditional\proc\p18F2685.asm
                     TOSL   0x000ffd       data     extern C:\MCC18\src\traditional\proc\p18F2685.asm
                     TOSH   0x000ffe       data     extern C:\MCC18\src\traditional\proc\p18F2685.asm
                     TOSU   0x000fff       data     extern C:\MCC18\src\traditional\proc\p18F2685.asm


